DEBUG   : CLI version 2.33.2 matches requirements.txt 2.33.2.
INFO    : Building target latex
DEBUG   : Parsing source element for target latex
DEBUG   : converting /home/local/USHERBROOKE/busj2301/Documents/Notes-Livres-Pretext/RELCALC-3/source/main.ptx to enhanced (pre-processed) PreTeXt source for internal use
INFO    : XSL conversion of /home/local/USHERBROOKE/busj2301/Documents/Notes-Livres-Pretext/RELCALC-3/source/main.ptx by /home/local/USHERBROOKE/busj2301/.ptx/2.33.2/core/xsl/utilities/pretext-enhanced-source.xsl
DEBUG   : XSL conversion via /home/local/USHERBROOKE/busj2301/.ptx/2.33.2/core/xsl/utilities/pretext-enhanced-source.xsl of /home/local/USHERBROOKE/busj2301/Documents/Notes-Livres-Pretext/RELCALC-3/source/main.ptx to None and/or into directory None with parameters {'cli.version': '2.33', 'publisher': '/home/local/USHERBROOKE/busj2301/Documents/Notes-Livres-Pretext/RELCALC-3/publication/publication.ptx', 'assembly.version-only': 'yes'}
INFO    : successful application of /home/local/USHERBROOKE/busj2301/.ptx/2.33.2/core/xsl/utilities/pretext-enhanced-source.xsl
DEBUG   : XML syntax appears well formed.
DEBUG   : Using cached source_element for target latex
DEBUG   : PreTeXt document did not pass schema validation; unexpected output may result. See .error_schema.log for hints.  Continuing with build.
DEBUG   : Using cached source_element for target latex
DEBUG   : Source does not contain webwork problems
INFO    : Generating any needed assets.
DEBUG   : Using cached assets in /home/local/USHERBROOKE/busj2301/Documents/Notes-Livres-Pretext/RELCALC-3/.cache where possible.
DEBUG   : Ensuring webwork representations file is present.
DEBUG   : Using cached source_element for target latex
DEBUG   : Source does not contain webwork problems
DEBUG   : Ensuring MyOpenMath XML files are present.
DEBUG   : Using cached source_element for target latex
DEBUG   : Source does not contain myopenmath problems
DEBUG   : Assets generation requested for: ['webwork', 'latex-image', 'sageplot', 'asymptote', 'prefigure', 'youtube', 'codelens', 'datafile', 'interactive', 'qrcode', 'mermaid', 'myopenmath', 'dynamic-subs', 'references', 'stack'].
DEBUG   : Based on format latex, assets to be generated are: ['webwork', 'sageplot', 'asymptote', 'prefigure', 'youtube', 'codelens', 'datafile', 'interactive', 'qrcode', 'mermaid', 'myopenmath', 'dynamic-subs'].
DEBUG   : Using cached source_element for target latex
DEBUG   : Using cached source_element for target latex
DEBUG   : Using cached source_element for target latex
DEBUG   : Using cached source_element for target latex
DEBUG   : Using cached source_element for target latex
DEBUG   : Using cached source_element for target latex
DEBUG   : Using cached source_element for target latex
DEBUG   : Using cached source_element for target latex
DEBUG   : Using cached source_element for target latex
DEBUG   : Using cached source_element for target latex
DEBUG   : Using cached source_element for target latex
DEBUG   : Using cached source_element for target latex
DEBUG   : Using cached source_element for target latex
DEBUG   : Using cached source_element for target latex
DEBUG   : Using cached source_element for target latex
DEBUG   : Based on what is in your source, the assets that will be considered are ['sageplot', 'interactive', 'qrcode'].
DEBUG   : Assets to be generated: []
DEBUG   : Temporary directories left behind for inspection: []
DEBUG   : Updated these assets successfully: []
INFO    : Finished generating assets.

DEBUG   : Ensuring output directory for latex: /home/local/USHERBROOKE/busj2301/Documents/Notes-Livres-Pretext/RELCALC-3/output/latex
INFO    : Preparing to build into /home/local/USHERBROOKE/busj2301/Documents/Notes-Livres-Pretext/RELCALC-3/output/latex.
INFO    : discovering source file's directory name: /home/local/USHERBROOKE/busj2301/Documents/Notes-Livres-Pretext/RELCALC-3/source
INFO    : verifying and expanding input directory: /home/local/USHERBROOKE/busj2301/Documents/Notes-Livres-Pretext/RELCALC-3/source/../generated-assets
INFO    : input directory expanded to absolute path: /home/local/USHERBROOKE/busj2301/Documents/Notes-Livres-Pretext/RELCALC-3/generated-assets
INFO    : verifying and expanding input directory: /home/local/USHERBROOKE/busj2301/Documents/Notes-Livres-Pretext/RELCALC-3/source/../assets
INFO    : input directory expanded to absolute path: /home/local/USHERBROOKE/busj2301/Documents/Notes-Livres-Pretext/RELCALC-3/assets
INFO    : discovering source file's directory name: /home/local/USHERBROOKE/busj2301/Documents/Notes-Livres-Pretext/RELCALC-3/source
DEBUG   : parsing the publisher file variables
DEBUG   : temporary directory for publisher variables: /tmp/ptx-ulysi2h5
DEBUG   : file of publisher variables: /tmp/ptx-ulysi2h5/pub_var.txt
INFO    : XSL conversion of /home/local/USHERBROOKE/busj2301/Documents/Notes-Livres-Pretext/RELCALC-3/source/main.ptx by /home/local/USHERBROOKE/busj2301/.ptx/2.33.2/core/xsl/utilities/report-publisher-variables.xsl
DEBUG   : XSL conversion via /home/local/USHERBROOKE/busj2301/.ptx/2.33.2/core/xsl/utilities/report-publisher-variables.xsl of /home/local/USHERBROOKE/busj2301/Documents/Notes-Livres-Pretext/RELCALC-3/source/main.ptx to /tmp/ptx-ulysi2h5/pub_var.txt and/or into directory None with parameters {'cli.version': '2.33', 'publisher': '/home/local/USHERBROOKE/busj2301/Documents/Notes-Livres-Pretext/RELCALC-3/publication/publication.ptx', 'assembly.version-only': 'yes'}
INFO    : successful application of /home/local/USHERBROOKE/busj2301/.ptx/2.33.2/core/xsl/utilities/report-publisher-variables.xsl
DEBUG   : determining value of publisher variable 'journal-name'
DEBUG   : determining value of publisher variable 'latex-style'
INFO    : converting /home/local/USHERBROOKE/busj2301/Documents/Notes-Livres-Pretext/RELCALC-3/source/main.ptx to LaTeX as /tmp/ptx-9mw62idz/main.tex
INFO    : XSL conversion of /home/local/USHERBROOKE/busj2301/Documents/Notes-Livres-Pretext/RELCALC-3/source/main.ptx by /home/local/USHERBROOKE/busj2301/.ptx/2.33.2/core/xsl/pretext-latex.xsl
DEBUG   : XSL conversion via /home/local/USHERBROOKE/busj2301/.ptx/2.33.2/core/xsl/pretext-latex.xsl of /home/local/USHERBROOKE/busj2301/Documents/Notes-Livres-Pretext/RELCALC-3/source/main.ptx to /tmp/ptx-9mw62idz/main.tex and/or into directory None with parameters {'cli.version': '2.33', 'publisher': '/home/local/USHERBROOKE/busj2301/Documents/Notes-Livres-Pretext/RELCALC-3/publication/publication.ptx'}
INFO    : messages from the log for XSL processing:
INFO    : * PTX:INFO:   checking all deprecated elements.
WARNING : * PTX:DEPRECATE: (2023-01-10) PDF front and back covers via a "docinfo/covers" element has moved to the publication file with some small changes.  We will try to honor your intent (1 time)
INFO    : * --------------
WARNING : * PTX:DEPRECATE: (2024-10-08) elements previously included in a "titlepage" element inside the "frontmatter" (author, editor, credit, date, and event) should now be placed in "frontmatter/bibinfo".  To ensure a title page is created, put only the empty element "titlepage-items" inside "titlepage".  Until you move these elements, we will try to honor your intent. (1 time)
INFO    : *              located within: "frontmatter" (xml:id)
INFO    : * --------------
WARNING : * PTX:DEPRECATE: (2024-10-08) elements previously included in a "colophon" element inside the "frontmatter" (credit, copyright, edition, and website) should now be placed in "frontmatter/bibinfo". To produce a "colophon", include only the empty element "colophon-items" inside "colophon" Until you move these elements, we will try to honor your intent. (1 time)
INFO    : *              located within: "frontmatter" (xml:id)
INFO    : * --------------
WARNING : * PTX:DEPRECATE: (2025-03-09) PDF front and back covers via a "docinfo/covers" element has moved to the publication file with some small changes.  Specification in "docinfo" is now being ignored. (1 time)
INFO    : * --------------
WARNING : * PTX:DEPRECATE: (2024-07-12) the html/css/@toc, @navbar, @shell, @knowls, and @banner publication entries have been deprecated. Use @theme to control html appearance. See the Guide for theme options.
INFO    : * --------------
ERROR   : * PTX:BUG:     Exercise component mis-labeled
INFO    : successful application of /home/local/USHERBROOKE/busj2301/.ptx/2.33.2/core/xsl/pretext-latex.xsl
DEBUG   : parsing the publisher file variables
DEBUG   : temporary directory for publisher variables: /tmp/ptx-esabbhjr
DEBUG   : file of publisher variables: /tmp/ptx-esabbhjr/pub_var.txt
INFO    : XSL conversion of /home/local/USHERBROOKE/busj2301/Documents/Notes-Livres-Pretext/RELCALC-3/source/main.ptx by /home/local/USHERBROOKE/busj2301/.ptx/2.33.2/core/xsl/utilities/report-publisher-variables.xsl
DEBUG   : XSL conversion via /home/local/USHERBROOKE/busj2301/.ptx/2.33.2/core/xsl/utilities/report-publisher-variables.xsl of /home/local/USHERBROOKE/busj2301/Documents/Notes-Livres-Pretext/RELCALC-3/source/main.ptx to /tmp/ptx-esabbhjr/pub_var.txt and/or into directory None with parameters {'cli.version': '2.33', 'publisher': '/home/local/USHERBROOKE/busj2301/Documents/Notes-Livres-Pretext/RELCALC-3/publication/publication.ptx', 'assembly.version-only': 'yes'}
INFO    : successful application of /home/local/USHERBROOKE/busj2301/.ptx/2.33.2/core/xsl/utilities/report-publisher-variables.xsl
DEBUG   : determining value of publisher variable 'journal-name'
DEBUG   : Temporary directories left behind for inspection: ['/tmp/ptx-9mw62idz', '/tmp/ptx-ulysi2h5', '/tmp/ptx-esabbhjr']
INFO    : 
Finished build for target latex. The output is in /home/local/USHERBROOKE/busj2301/Documents/Notes-Livres-Pretext/RELCALC-3/output/latex.

CRITICAL: There were errors during the build.  See above.
DEBUG   : Exception info:
------------------------
Traceback (most recent call last):
  File "/home/local/USHERBROOKE/busj2301/.local/lib/python3.10/site-packages/pretext/cli.py", line 653, in build
    raise Exception("There were errors during the build.  See above.")
Exception: There were errors during the build.  See above.
INFO    : ------------------------
CRITICAL: Failed to build without errors.  Exiting...
INFO    : 
----------------------------------------------------
INFO    : While running pretext, the following errors occurred:

INFO    : (see log messages above or in the 'logs' folder for more information)
INFO    : ----------------------------------------------------
